// Jest Snapshot v1, https://goo.gl/fbAQLP

exports[`Nav matches snapshot 1`] = `
<DocumentFragment>
  <nav>
    <ul>
      <li>
        <a
          href="/"
        >
          Home
        </a>
      </li>
      <li>
        <a
          href="/other"
        >
          Other
        </a>
      </li>
    </ul>
  </nav>
</DocumentFragment>
`;
