// Jest Snapshot v1, https://goo.gl/fbAQLP

exports[`App matches snapshot 1`] = `
<DocumentFragment>
  <article
    class="app"
  >
    <header>
      <h2>
        Pokedex Nova
      </h2>
    </header>
    <footer>
      Â© Anthony Williams 2022
    </footer>
  </article>
</DocumentFragment>
`;
