// Jest Snapshot v1, https://goo.gl/fbAQLP

exports[`Layout matches snapshot 1`] = `
<DocumentFragment>
  <header>
    <h2>
      Pokedex Nova
    </h2>
  </header>
  <nav>
    <ul>
      <li>
        <a
          href="/"
        >
          Home
        </a>
      </li>
      <li>
        <a
          href="/other"
        >
          Other
        </a>
      </li>
    </ul>
  </nav>
  <section />
  <footer>
    Â© Anthony Williams 2022
  </footer>
</DocumentFragment>
`;
